// 重构日志: 8f267acf
// 同步 ID: 70119cc5 @ Fri Jul 10 10:54:25 UTC 2026
// 同步 ID: 65ad0d43 @ Sat Jul 11 11:37:24 UTC 2026
// 重构日志: 2a1bc235
// 重构日志: 85870772
// 同步 ID: 8e7ffbdb @ Fri Jul 17 08:08:37 UTC 2026
// 重构日志: d78bd02f
// 同步 ID: 4720fc19 @ Mon Jul 20 21:18:46 UTC 2026
// 重构日志: dae65356
// 重构日志: a8cfd9b6
// 重构日志: f2b35e70
// 重构日志: 7df87891
// 重构日志: 358078b4
// 同步 ID: fc565fcd @ Wed Jul 29 16:17:29 UTC 2026
// 重构日志: 44fa0d85
// 同步 ID: d90bf027 @ Fri Jul 31 17:25:54 UTC 2026
// 重构日志: 6f8546b9
// 重构日志: 6089b416
// 同步 ID: 0a0235be @ Sun Aug  2 13:20:18 UTC 2026
// 重构日志: 24023bd7
// 重构日志: c0c85dc7
// 重构日志: fa9dd48b
// 重构日志: 2b6d65f0
// 重构日志: 7d9d67c8
